#
# There is insufficient memory for the Java Runtime Environment to continue.
# Native memory allocation (malloc) failed to allocate 1626256 bytes. Error detail: Chunk::new
# Possible reasons:
#   The system is out of physical RAM or swap space
#   This process is running with CompressedOops enabled, and the Java Heap may be blocking the growth of the native heap
# Possible solutions:
#   Reduce memory load on the system
#   Increase physical memory or swap space
#   Check if swap backing store is full
#   Decrease Java heap size (-Xmx/-Xms)
#   Decrease number of Java threads
#   Decrease Java thread stack sizes (-Xss)
#   Set larger code cache with -XX:ReservedCodeCacheSize=
#   JVM is running with Unscaled Compressed Oops mode in which the Java heap is
#     placed in the first 4GB address space. The Java Heap base address is the
#     maximum limit for the native heap growth. Please use -XX:HeapBaseMinAddress
#     to set the Java Heap base and to place the Java Heap above 4GB virtual address.
# This output file may be truncated or incomplete.
#
#  Out of Memory Error (arena.cpp:168), pid=14808, tid=14500
#
# JRE version: OpenJDK Runtime Environment (21.0.8) (build 21.0.8+-14196175-b1038.72)
# Java VM: OpenJDK 64-Bit Server VM (21.0.8+-14196175-b1038.72, mixed mode, tiered, compressed oops, compressed class ptrs, g1 gc, windows-amd64)
# No core dump will be written. Minidumps are not enabled by default on client versions of Windows
#

---------------  S U M M A R Y ------------

Command Line: --add-opens=java.base/java.lang=ALL-UNNAMED --add-opens=java.base/java.lang.invoke=ALL-UNNAMED --add-opens=java.base/java.util=ALL-UNNAMED --add-opens=java.prefs/java.util.prefs=ALL-UNNAMED --add-exports=jdk.compiler/com.sun.tools.javac.api=ALL-UNNAMED --add-exports=jdk.compiler/com.sun.tools.javac.util=ALL-UNNAMED --add-opens=java.base/java.util=ALL-UNNAMED --add-opens=java.prefs/java.util.prefs=ALL-UNNAMED --add-opens=java.base/java.nio.charset=ALL-UNNAMED --add-opens=java.base/java.net=ALL-UNNAMED --add-opens=java.base/java.util.concurrent=ALL-UNNAMED --add-opens=java.base/java.util.concurrent.atomic=ALL-UNNAMED --add-opens=java.xml/javax.xml.namespace=ALL-UNNAMED --add-opens=java.base/java.time=ALL-UNNAMED -Xmx1024m -Dfile.encoding=UTF-8 -Duser.country=IN -Duser.language=en -Duser.variant -javaagent:C:\Users\twist\.gradle\wrapper\dists\gradle-9.1.0-bin\9agqghryom9wkf8r80qlhnts3\gradle-9.1.0\lib\agents\gradle-instrumentation-agent-9.1.0.jar org.gradle.launcher.daemon.bootstrap.GradleDaemon 9.1.0

Host: 12th Gen Intel(R) Core(TM) i5-12500H, 16 cores, 15G,  Windows 11 , 64 bit Build 26100 (10.0.26100.7920)
Time: Tue Mar  3 15:32:08 2026 India Standard Time elapsed time: 14.514837 seconds (0d 0h 0m 14s)

---------------  T H R E A D  ---------------

Current thread (0x000002c8df20cb20):  JavaThread "C2 CompilerThread1" daemon [_thread_in_native, id=14500, stack(0x000000cc05d00000,0x000000cc05e00000) (1024K)]


Current CompileTask:
C2:14514 4944       4       jdk.internal.loader.BuiltinClassLoader::loadClass (22 bytes)

Stack: [0x000000cc05d00000,0x000000cc05e00000]
Native frames: (J=compiled Java code, j=interpreted, Vv=VM code, C=native code)
V  [jvm.dll+0x6d68d9]
V  [jvm.dll+0x866693]
V  [jvm.dll+0x868c4e]
V  [jvm.dll+0x869333]
V  [jvm.dll+0x280566]
V  [jvm.dll+0xc07cd]
V  [jvm.dll+0xc0d03]
V  [jvm.dll+0x3b961b]
V  [jvm.dll+0x385507]
V  [jvm.dll+0x38497a]
V  [jvm.dll+0x249252]
V  [jvm.dll+0x248821]
V  [jvm.dll+0x1c73a4]
V  [jvm.dll+0x257f9e]
V  [jvm.dll+0x2564e6]
V  [jvm.dll+0x3f4696]
V  [jvm.dll+0x80eac8]
V  [jvm.dll+0x6d512d]
C  [ucrtbase.dll+0x37b0]
C  [KERNEL32.DLL+0x2e8d7]
C  [ntdll.dll+0x8c48c]


---------------  P R O C E S S  ---------------

Threads class SMR info:
_java_thread_list=0x000002c8e5aa4150, length=51, elements={
0x000002c8c81ff360, 0x000002c8df1b80e0, 0x000002c8df1ba840, 0x000002c8df1bb2a0,
0x000002c8df1e8790, 0x000002c8df1de290, 0x000002c8df1decf0, 0x000002c8df1cc760,
0x000002c8df209e20, 0x000002c8df20c450, 0x000002c8df55e490, 0x000002c8e55faf80,
0x000002c8e5598730, 0x000002c8df6c5500, 0x000002c8e4d652b0, 0x000002c8e4d65920,
0x000002c8df9ff160, 0x000002c8df9fddb0, 0x000002c8df9fe440, 0x000002c8df9fead0,
0x000002c8df9fd090, 0x000002c8df9ff7f0, 0x000002c8df9ffe80, 0x000002c8df9fca00,
0x000002c8df20cb20, 0x000002c8df20d8c0, 0x000002c8df20df90, 0x000002c8e79336c0,
0x000002c8e79343e0, 0x000002c8e7930f60, 0x000002c8e7933d50, 0x000002c8e7934a70,
0x000002c8e79315f0, 0x000002c8e7932310, 0x000002c8e7935100, 0x000002c8e7931c80,
0x000002c8e7935790, 0x000002c8e7935e20, 0x000002c8e79364b0, 0x000002c8e7936b40,
0x000002c8e7937860, 0x000002c8e7938580, 0x000002c8e79371d0, 0x000002c8e7937ef0,
0x000002c8e4da16b0, 0x000002c8e4da0300, 0x000002c8e4d9fc70, 0x000002c8e4da0990,
0x000002c8e4da1020, 0x000002c8e4da1d40, 0x000002c8e4d9e8c0
}

Java Threads: ( => current thread )
  0x000002c8c81ff360 JavaThread "main"                              [_thread_blocked, id=3288, stack(0x000000cc03000000,0x000000cc03100000) (1024K)]
  0x000002c8df1b80e0 JavaThread "Common-Cleaner"             daemon [_thread_blocked, id=9796, stack(0x000000cc03800000,0x000000cc03900000) (1024K)]
  0x000002c8df1ba840 JavaThread "Reference Handler"          daemon [_thread_blocked, id=10748, stack(0x000000cc03900000,0x000000cc03a00000) (1024K)]
  0x000002c8df1bb2a0 JavaThread "Finalizer"                  daemon [_thread_blocked, id=17772, stack(0x000000cc03a00000,0x000000cc03b00000) (1024K)]
  0x000002c8df1e8790 JavaThread "Signal Dispatcher"          daemon [_thread_blocked, id=3688, stack(0x000000cc03b00000,0x000000cc03c00000) (1024K)]
  0x000002c8df1de290 JavaThread "Attach Listener"            daemon [_thread_blocked, id=4640, stack(0x000000cc03c00000,0x000000cc03d00000) (1024K)]
  0x000002c8df1decf0 JavaThread "Service Thread"             daemon [_thread_blocked, id=22636, stack(0x000000cc03d00000,0x000000cc03e00000) (1024K)]
  0x000002c8df1cc760 JavaThread "Monitor Deflation Thread"   daemon [_thread_blocked, id=18828, stack(0x000000cc03e00000,0x000000cc03f00000) (1024K)]
  0x000002c8df209e20 JavaThread "C2 CompilerThread0"         daemon [_thread_blocked, id=10096, stack(0x000000cc03f00000,0x000000cc04000000) (1024K)]
  0x000002c8df20c450 JavaThread "C1 CompilerThread0"         daemon [_thread_blocked, id=18040, stack(0x000000cc04000000,0x000000cc04100000) (1024K)]
  0x000002c8df55e490 JavaThread "Notification Thread"        daemon [_thread_blocked, id=7324, stack(0x000000cc04400000,0x000000cc04500000) (1024K)]
  0x000002c8e55faf80 JavaThread "Daemon health stats"               [_thread_blocked, id=6800, stack(0x000000cc04700000,0x000000cc04800000) (1024K)]
  0x000002c8e5598730 JavaThread "Incoming local TCP Connector on port 55491"        [_thread_in_native, id=19452, stack(0x000000cc04300000,0x000000cc04400000) (1024K)]
  0x000002c8df6c5500 JavaThread "Daemon periodic checks"            [_thread_blocked, id=19244, stack(0x000000cc04200000,0x000000cc04300000) (1024K)]
  0x000002c8e4d652b0 JavaThread "Daemon"                            [_thread_blocked, id=19248, stack(0x000000cc04500000,0x000000cc04600000) (1024K)]
  0x000002c8e4d65920 JavaThread "Handler for socket connection from /127.0.0.1:55491 to /127.0.0.1:55492"        [_thread_in_native, id=15480, stack(0x000000cc04e00000,0x000000cc04f00000) (1024K)]
  0x000002c8df9ff160 JavaThread "Cancel handler"                    [_thread_blocked, id=23752, stack(0x000000cc04100000,0x000000cc04200000) (1024K)]
  0x000002c8df9fddb0 JavaThread "Daemon worker"                     [_thread_in_vm, id=10548, stack(0x000000cc04600000,0x000000cc04700000) (1024K)]
  0x000002c8df9fe440 JavaThread "Asynchronous log dispatcher for DefaultDaemonConnection: socket connection from /127.0.0.1:55491 to /127.0.0.1:55492"        [_thread_blocked, id=14180, stack(0x000000cc05700000,0x000000cc05800000) (1024K)]
  0x000002c8df9fead0 JavaThread "Stdin handler"                     [_thread_blocked, id=14184, stack(0x000000cc05800000,0x000000cc05900000) (1024K)]
  0x000002c8df9fd090 JavaThread "Daemon client event forwarder"        [_thread_blocked, id=14188, stack(0x000000cc05900000,0x000000cc05a00000) (1024K)]
  0x000002c8df9ff7f0 JavaThread "Cache worker for journal cache (C:\Users\twist\.gradle\caches\journal-1)"        [_thread_blocked, id=14192, stack(0x000000cc05a00000,0x000000cc05b00000) (1024K)]
  0x000002c8df9ffe80 JavaThread "File lock request listener"        [_thread_in_native, id=14164, stack(0x000000cc05b00000,0x000000cc05c00000) (1024K)]
  0x000002c8df9fca00 JavaThread "Cache worker for file hash cache (C:\Users\twist\.gradle\caches\9.1.0\fileHashes)"        [_thread_blocked, id=11292, stack(0x000000cc05c00000,0x000000cc05d00000) (1024K)]
=>0x000002c8df20cb20 JavaThread "C2 CompilerThread1"         daemon [_thread_in_native, id=14500, stack(0x000000cc05d00000,0x000000cc05e00000) (1024K)]
  0x000002c8df20d8c0 JavaThread "C1 CompilerThread1"         daemon [_thread_blocked, id=14872, stack(0x000000cc06000000,0x000000cc06100000) (1024K)]
  0x000002c8df20df90 JavaThread "C1 CompilerThread2"         daemon [_thread_blocked, id=14876, stack(0x000000cc06100000,0x000000cc06200000) (1024K)]
  0x000002c8e79336c0 JavaThread "Cache worker for file hash cache (C:\HOME\B230267CS-6\Courses\SE_Lab\Real_App\.gradle\9.1.0\fileHashes)"        [_thread_blocked, id=15008, stack(0x000000cc06200000,0x000000cc06300000) (1024K)]
  0x000002c8e79343e0 JavaThread "Cache worker for Build Output Cleanup Cache (C:\HOME\B230267CS-6\Courses\SE_Lab\Real_App\.gradle\buildOutputCleanup)"        [_thread_blocked, id=15080, stack(0x000000cc06300000,0x000000cc06400000) (1024K)]
  0x000002c8e7930f60 JavaThread "File watcher server"        daemon [_thread_in_native, id=15084, stack(0x000000cc06400000,0x000000cc06500000) (1024K)]
  0x000002c8e7933d50 JavaThread "File watcher consumer"      daemon [_thread_blocked, id=15128, stack(0x000000cc06500000,0x000000cc06600000) (1024K)]
  0x000002c8e7934a70 JavaThread "jar transforms"                    [_thread_blocked, id=14896, stack(0x000000cc06600000,0x000000cc06700000) (1024K)]
  0x000002c8e79315f0 JavaThread "jar transforms Thread 2"           [_thread_blocked, id=15172, stack(0x000000cc06700000,0x000000cc06800000) (1024K)]
  0x000002c8e7932310 JavaThread "jar transforms Thread 3"           [_thread_blocked, id=15076, stack(0x000000cc06800000,0x000000cc06900000) (1024K)]
  0x000002c8e7935100 JavaThread "jar transforms Thread 4"           [_thread_blocked, id=15208, stack(0x000000cc06900000,0x000000cc06a00000) (1024K)]
  0x000002c8e7931c80 JavaThread "jar transforms Thread 5"           [_thread_blocked, id=15260, stack(0x000000cc06a00000,0x000000cc06b00000) (1024K)]
  0x000002c8e7935790 JavaThread "jar transforms Thread 6"           [_thread_blocked, id=15216, stack(0x000000cc06b00000,0x000000cc06c00000) (1024K)]
  0x000002c8e7935e20 JavaThread "jar transforms Thread 7"           [_thread_blocked, id=15228, stack(0x000000cc06c00000,0x000000cc06d00000) (1024K)]
  0x000002c8e79364b0 JavaThread "jar transforms Thread 8"           [_thread_blocked, id=15224, stack(0x000000cc06d00000,0x000000cc06e00000) (1024K)]
  0x000002c8e7936b40 JavaThread "jar transforms Thread 9"           [_thread_blocked, id=15220, stack(0x000000cc06e00000,0x000000cc06f00000) (1024K)]
  0x000002c8e7937860 JavaThread "jar transforms Thread 10"          [_thread_blocked, id=15252, stack(0x000000cc06f00000,0x000000cc07000000) (1024K)]
  0x000002c8e7938580 JavaThread "jar transforms Thread 11"          [_thread_blocked, id=15256, stack(0x000000cc07000000,0x000000cc07100000) (1024K)]
  0x000002c8e79371d0 JavaThread "jar transforms Thread 12"          [_thread_blocked, id=15240, stack(0x000000cc07100000,0x000000cc07200000) (1024K)]
  0x000002c8e7937ef0 JavaThread "jar transforms Thread 13"          [_thread_blocked, id=15244, stack(0x000000cc07200000,0x000000cc07300000) (1024K)]
  0x000002c8e4da16b0 JavaThread "jar transforms Thread 14"          [_thread_blocked, id=15248, stack(0x000000cc07300000,0x000000cc07400000) (1024K)]
  0x000002c8e4da0300 JavaThread "jar transforms Thread 15"          [_thread_blocked, id=15264, stack(0x000000cc07400000,0x000000cc07500000) (1024K)]
  0x000002c8e4d9fc70 JavaThread "jar transforms Thread 16"          [_thread_blocked, id=15236, stack(0x000000cc07500000,0x000000cc07600000) (1024K)]
  0x000002c8e4da0990 JavaThread "Cache worker for checksums cache (C:\HOME\B230267CS-6\Courses\SE_Lab\Real_App\.gradle\9.1.0\checksums)"        [_thread_blocked, id=14884, stack(0x000000cc07700000,0x000000cc07800000) (1024K)]
  0x000002c8e4da1020 JavaThread "Cache worker for file content cache (C:\Users\twist\.gradle\caches\9.1.0\fileContent)"        [_thread_blocked, id=14512, stack(0x000000cc07800000,0x000000cc07900000) (1024K)]
  0x000002c8e4da1d40 JavaThread "Cache worker for cache directory md-supplier (C:\Users\twist\.gradle\caches\9.1.0\md-supplier)"        [_thread_blocked, id=18036, stack(0x000000cc07900000,0x000000cc07a00000) (1024K)]
  0x000002c8e4d9e8c0 JavaThread "Cache worker for cache directory md-rule (C:\Users\twist\.gradle\caches\9.1.0\md-rule)"        [_thread_blocked, id=14400, stack(0x000000cc07a00000,0x000000cc07b00000) (1024K)]
Total: 51

Other Threads:
  0x000002c8df12d420 VMThread "VM Thread"                           [id=11692, stack(0x000000cc03700000,0x000000cc03800000) (1024K)] _threads_hazard_ptr=0x000002c8e5aa4150
  0x000002c8defa21f0 WatcherThread "VM Periodic Task Thread"        [id=17048, stack(0x000000cc03600000,0x000000cc03700000) (1024K)]
  0x000002c8c8238a00 WorkerThread "GC Thread#0"                     [id=15432, stack(0x000000cc03100000,0x000000cc03200000) (1024K)]
  0x000002c8df7de6a0 WorkerThread "GC Thread#1"                     [id=7388, stack(0x000000cc04900000,0x000000cc04a00000) (1024K)]
  0x000002c8df7de300 WorkerThread "GC Thread#2"                     [id=2060, stack(0x000000cc04a00000,0x000000cc04b00000) (1024K)]
  0x000002c8df7df180 WorkerThread "GC Thread#3"                     [id=4208, stack(0x000000cc04b00000,0x000000cc04c00000) (1024K)]
  0x000002c8df7dea40 WorkerThread "GC Thread#4"                     [id=16356, stack(0x000000cc04c00000,0x000000cc04d00000) (1024K)]
  0x000002c8df7dede0 WorkerThread "GC Thread#5"                     [id=25064, stack(0x000000cc04d00000,0x000000cc04e00000) (1024K)]
  0x000002c8df82ff50 WorkerThread "GC Thread#6"                     [id=11288, stack(0x000000cc04800000,0x000000cc04900000) (1024K)]
  0x000002c8df82fbb0 WorkerThread "GC Thread#7"                     [id=14496, stack(0x000000cc04f00000,0x000000cc05000000) (1024K)]
  0x000002c8df82f810 WorkerThread "GC Thread#8"                     [id=14516, stack(0x000000cc05000000,0x000000cc05100000) (1024K)]
  0x000002c8df8302f0 WorkerThread "GC Thread#9"                     [id=14560, stack(0x000000cc05100000,0x000000cc05200000) (1024K)]
  0x000002c8df82db10 WorkerThread "GC Thread#10"                    [id=14520, stack(0x000000cc05200000,0x000000cc05300000) (1024K)]
  0x000002c8df82ed30 WorkerThread "GC Thread#11"                    [id=3520, stack(0x000000cc05300000,0x000000cc05400000) (1024K)]
  0x000002c8df830690 WorkerThread "GC Thread#12"                    [id=9996, stack(0x000000cc05400000,0x000000cc05500000) (1024K)]
  0x000002c8c82418f0 ConcurrentGCThread "G1 Main Marker"            [id=2580, stack(0x000000cc03200000,0x000000cc03300000) (1024K)]
  0x000002c8c8243ff0 WorkerThread "G1 Conc#0"                       [id=6816, stack(0x000000cc03300000,0x000000cc03400000) (1024K)]
  0x000002c8df830a30 WorkerThread "G1 Conc#1"                       [id=22752, stack(0x000000cc05500000,0x000000cc05600000) (1024K)]
  0x000002c8df82d030 WorkerThread "G1 Conc#2"                       [id=20100, stack(0x000000cc05600000,0x000000cc05700000) (1024K)]
  0x000002c8dee776c0 ConcurrentGCThread "G1 Refine#0"               [id=16340, stack(0x000000cc03400000,0x000000cc03500000) (1024K)]
  0x000002c8dee77ee0 ConcurrentGCThread "G1 Service"                [id=16348, stack(0x000000cc03500000,0x000000cc03600000) (1024K)]
Total: 21

Threads with active compile tasks:
C2 CompilerThread1  14524 4944       4       jdk.internal.loader.BuiltinClassLoader::loadClass (22 bytes)
C1 CompilerThread2  14524 4955       3       javax.management.ObjectName::construct (1135 bytes)
Total: 2

VM state: synchronizing (normal execution)

VM Mutex/Monitor currently owned by a thread:  ([mutex/lock_event])
[0x00007fff6fd76438] Metaspace_lock - owner thread: 0x000002c8df9fddb0
[0x00007fff6fd785b8] Threads_lock - owner thread: 0x000002c8df12d420

Heap address: 0x00000000c0000000, size: 1024 MB, Compressed Oops mode: 32-bit

CDS archive(s) not mapped
Compressed class space mapped at: 0x0000000100000000-0x0000000140000000, reserved size: 1073741824
Narrow klass base: 0x0000000000000000, Narrow klass shift: 3, Narrow klass range: 0x140000000

GC Precious Log:
 CardTable entry size: 512
 Card Set container configuration: InlinePtr #cards 5 size 8 Array Of Cards #cards 12 size 40 Howl #buckets 4 coarsen threshold 1843 Howl Bitmap #cards 512 size 80 coarsen threshold 460 Card regions per heap region 1 cards per card region 2048
 CPUs: 16 total, 16 available
 Memory: 16068M
 Large Page Support: Disabled
 NUMA Support: Disabled
 Compressed Oops: Enabled (32-bit)
 Heap Region Size: 1M
 Heap Min Capacity: 8M
 Heap Initial Capacity: 252M
 Heap Max Capacity: 1G
 Pre-touch: Disabled
 Parallel Workers: 13
 Concurrent Workers: 3
 Concurrent Refinement Workers: 13
 Periodic GC: Disabled

Heap:
 garbage-first heap   total 106496K, used 70678K [0x00000000c0000000, 0x0000000100000000)
  region size 1024K, 9 young (9216K), 5 survivors (5120K)
 Metaspace       used 52937K, committed 54464K, reserved 1114112K
  class space    used 7416K, committed 8192K, reserved 1048576K

Heap Regions: E=young(eden), S=young(survivor), O=old, HS=humongous(starts), HC=humongous(continues), CS=collection set, F=free, TAMS=top-at-mark-start, PB=parsable bottom
|   0|0x00000000c0000000, 0x00000000c0100000, 0x00000000c0100000|100%|HS|  |TAMS 0x00000000c0000000| PB 0x00000000c0000000| Complete 
|   1|0x00000000c0100000, 0x00000000c0200000, 0x00000000c0200000|100%|HC|  |TAMS 0x00000000c0100000| PB 0x00000000c0100000| Complete 
|   2|0x00000000c0200000, 0x00000000c0300000, 0x00000000c0300000|100%|HC|  |TAMS 0x00000000c0200000| PB 0x00000000c0200000| Complete 
|   3|0x00000000c0300000, 0x00000000c0400000, 0x00000000c0400000|100%| O|  |TAMS 0x00000000c0300000| PB 0x00000000c0300000| Untracked 
|   4|0x00000000c0400000, 0x00000000c0500000, 0x00000000c0500000|100%| O|  |TAMS 0x00000000c0400000| PB 0x00000000c0400000| Untracked 
|   5|0x00000000c0500000, 0x00000000c0600000, 0x00000000c0600000|100%| O|  |TAMS 0x00000000c0500000| PB 0x00000000c0500000| Untracked 
|   6|0x00000000c0600000, 0x00000000c0700000, 0x00000000c0700000|100%|HS|  |TAMS 0x00000000c0600000| PB 0x00000000c0600000| Complete 
|   7|0x00000000c0700000, 0x00000000c0800000, 0x00000000c0800000|100%| O|  |TAMS 0x00000000c0700000| PB 0x00000000c0700000| Untracked 
|   8|0x00000000c0800000, 0x00000000c0900000, 0x00000000c0900000|100%| O|  |TAMS 0x00000000c0800000| PB 0x00000000c0800000| Untracked 
|   9|0x00000000c0900000, 0x00000000c0a00000, 0x00000000c0a00000|100%| O|  |TAMS 0x00000000c0900000| PB 0x00000000c0900000| Untracked 
|  10|0x00000000c0a00000, 0x00000000c0b00000, 0x00000000c0b00000|100%| O|  |TAMS 0x00000000c0a00000| PB 0x00000000c0a00000| Untracked 
|  11|0x00000000c0b00000, 0x00000000c0c00000, 0x00000000c0c00000|100%| O|  |TAMS 0x00000000c0b00000| PB 0x00000000c0b00000| Untracked 
|  12|0x00000000c0c00000, 0x00000000c0d00000, 0x00000000c0d00000|100%| O|  |TAMS 0x00000000c0c00000| PB 0x00000000c0c00000| Untracked 
|  13|0x00000000c0d00000, 0x00000000c0e00000, 0x00000000c0e00000|100%| O|  |TAMS 0x00000000c0d00000| PB 0x00000000c0d00000| Untracked 
|  14|0x00000000c0e00000, 0x00000000c0f00000, 0x00000000c0f00000|100%| O|  |TAMS 0x00000000c0e00000| PB 0x00000000c0e00000| Untracked 
|  15|0x00000000c0f00000, 0x00000000c1000000, 0x00000000c1000000|100%| O|  |TAMS 0x00000000c0f00000| PB 0x00000000c0f00000| Untracked 
|  16|0x00000000c1000000, 0x00000000c1100000, 0x00000000c1100000|100%|HS|  |TAMS 0x00000000c1000000| PB 0x00000000c1000000| Complete 
|  17|0x00000000c1100000, 0x00000000c1200000, 0x00000000c1200000|100%|HC|  |TAMS 0x00000000c1100000| PB 0x00000000c1100000| Complete 
|  18|0x00000000c1200000, 0x00000000c1300000, 0x00000000c1300000|100%|HC|  |TAMS 0x00000000c1200000| PB 0x00000000c1200000| Complete 
|  19|0x00000000c1300000, 0x00000000c1400000, 0x00000000c1400000|100%|HC|  |TAMS 0x00000000c1300000| PB 0x00000000c1300000| Complete 
|  20|0x00000000c1400000, 0x00000000c1500000, 0x00000000c1500000|100%|HC|  |TAMS 0x00000000c1400000| PB 0x00000000c1400000| Complete 
|  21|0x00000000c1500000, 0x00000000c1600000, 0x00000000c1600000|100%|HC|  |TAMS 0x00000000c1500000| PB 0x00000000c1500000| Complete 
|  22|0x00000000c1600000, 0x00000000c1700000, 0x00000000c1700000|100%|HS|  |TAMS 0x00000000c1600000| PB 0x00000000c1600000| Complete 
|  23|0x00000000c1700000, 0x00000000c1800000, 0x00000000c1800000|100%|HS|  |TAMS 0x00000000c1700000| PB 0x00000000c1700000| Complete 
|  24|0x00000000c1800000, 0x00000000c1900000, 0x00000000c1900000|100%|HC|  |TAMS 0x00000000c1800000| PB 0x00000000c1800000| Complete 
|  25|0x00000000c1900000, 0x00000000c1a00000, 0x00000000c1a00000|100%|HS|  |TAMS 0x00000000c1900000| PB 0x00000000c1900000| Complete 
|  26|0x00000000c1a00000, 0x00000000c1b00000, 0x00000000c1b00000|100%|HC|  |TAMS 0x00000000c1a00000| PB 0x00000000c1a00000| Complete 
|  27|0x00000000c1b00000, 0x00000000c1c00000, 0x00000000c1c00000|100%|HC|  |TAMS 0x00000000c1b00000| PB 0x00000000c1b00000| Complete 
|  28|0x00000000c1c00000, 0x00000000c1d00000, 0x00000000c1d00000|100%|HC|  |TAMS 0x00000000c1c00000| PB 0x00000000c1c00000| Complete 
|  29|0x00000000c1d00000, 0x00000000c1e00000, 0x00000000c1e00000|100%|HS|  |TAMS 0x00000000c1d00000| PB 0x00000000c1d00000| Complete 
|  30|0x00000000c1e00000, 0x00000000c1f00000, 0x00000000c1f00000|100%|HS|  |TAMS 0x00000000c1e00000| PB 0x00000000c1e00000| Complete 
|  31|0x00000000c1f00000, 0x00000000c2000000, 0x00000000c2000000|100%|HC|  |TAMS 0x00000000c1f00000| PB 0x00000000c1f00000| Complete 
|  32|0x00000000c2000000, 0x00000000c2100000, 0x00000000c2100000|100%|HC|  |TAMS 0x00000000c2000000| PB 0x00000000c2000000| Complete 
|  33|0x00000000c2100000, 0x00000000c2200000, 0x00000000c2200000|100%|HC|  |TAMS 0x00000000c2100000| PB 0x00000000c2100000| Complete 
|  34|0x00000000c2200000, 0x00000000c2300000, 0x00000000c2300000|100%|HC|  |TAMS 0x00000000c2200000| PB 0x00000000c2200000| Complete 
|  35|0x00000000c2300000, 0x00000000c2400000, 0x00000000c2400000|100%|HC|  |TAMS 0x00000000c2300000| PB 0x00000000c2300000| Complete 
|  36|0x00000000c2400000, 0x00000000c2500000, 0x00000000c2500000|100%|HS|  |TAMS 0x00000000c2400000| PB 0x00000000c2400000| Complete 
|  37|0x00000000c2500000, 0x00000000c2600000, 0x00000000c2600000|100%|HS|  |TAMS 0x00000000c2500000| PB 0x00000000c2500000| Complete 
|  38|0x00000000c2600000, 0x00000000c2700000, 0x00000000c2700000|100%|HC|  |TAMS 0x00000000c2600000| PB 0x00000000c2600000| Complete 
|  39|0x00000000c2700000, 0x00000000c2800000, 0x00000000c2800000|100%|HS|  |TAMS 0x00000000c2700000| PB 0x00000000c2700000| Complete 
|  40|0x00000000c2800000, 0x00000000c2900000, 0x00000000c2900000|100%|HC|  |TAMS 0x00000000c2800000| PB 0x00000000c2800000| Complete 
|  41|0x00000000c2900000, 0x00000000c2a00000, 0x00000000c2a00000|100%|HC|  |TAMS 0x00000000c2900000| PB 0x00000000c2900000| Complete 
|  42|0x00000000c2a00000, 0x00000000c2b00000, 0x00000000c2b00000|100%|HC|  |TAMS 0x00000000c2a00000| PB 0x00000000c2a00000| Complete 
|  43|0x00000000c2b00000, 0x00000000c2c00000, 0x00000000c2c00000|100%|HS|  |TAMS 0x00000000c2b00000| PB 0x00000000c2b00000| Complete 
|  44|0x00000000c2c00000, 0x00000000c2d00000, 0x00000000c2d00000|100%| O|  |TAMS 0x00000000c2c00000| PB 0x00000000c2c00000| Untracked 
|  45|0x00000000c2d00000, 0x00000000c2e00000, 0x00000000c2e00000|100%| O|  |TAMS 0x00000000c2d00000| PB 0x00000000c2d00000| Untracked 
|  46|0x00000000c2e00000, 0x00000000c2f00000, 0x00000000c2f00000|100%| O|  |TAMS 0x00000000c2e00000| PB 0x00000000c2e00000| Untracked 
|  47|0x00000000c2f00000, 0x00000000c3000000, 0x00000000c3000000|100%| O|  |TAMS 0x00000000c2f00000| PB 0x00000000c2f00000| Untracked 
|  48|0x00000000c3000000, 0x00000000c3100000, 0x00000000c3100000|100%| O|  |TAMS 0x00000000c3000000| PB 0x00000000c3000000| Untracked 
|  49|0x00000000c3100000, 0x00000000c3200000, 0x00000000c3200000|100%| O|  |TAMS 0x00000000c3100000| PB 0x00000000c3100000| Untracked 
|  50|0x00000000c3200000, 0x00000000c3300000, 0x00000000c3300000|100%| O|  |TAMS 0x00000000c3200000| PB 0x00000000c3200000| Untracked 
|  51|0x00000000c3300000, 0x00000000c3400000, 0x00000000c3400000|100%| O|  |TAMS 0x00000000c3300000| PB 0x00000000c3300000| Untracked 
|  52|0x00000000c3400000, 0x00000000c3405b20, 0x00000000c3500000|  2%| O|  |TAMS 0x00000000c3400000| PB 0x00000000c3400000| Untracked 
|  53|0x00000000c3500000, 0x00000000c3500000, 0x00000000c3600000|  0%| F|  |TAMS 0x00000000c3500000| PB 0x00000000c3500000| Untracked 
|  54|0x00000000c3600000, 0x00000000c3600000, 0x00000000c3700000|  0%| F|  |TAMS 0x00000000c3600000| PB 0x00000000c3600000| Untracked 
|  55|0x00000000c3700000, 0x00000000c3800000, 0x00000000c3800000|100%| S|CS|TAMS 0x00000000c3700000| PB 0x00000000c3700000| Complete 
|  56|0x00000000c3800000, 0x00000000c3900000, 0x00000000c3900000|100%| S|CS|TAMS 0x00000000c3800000| PB 0x00000000c3800000| Complete 
|  57|0x00000000c3900000, 0x00000000c3a00000, 0x00000000c3a00000|100%| S|CS|TAMS 0x00000000c3900000| PB 0x00000000c3900000| Complete 
|  58|0x00000000c3a00000, 0x00000000c3b00000, 0x00000000c3b00000|100%| S|CS|TAMS 0x00000000c3a00000| PB 0x00000000c3a00000| Complete 
|  59|0x00000000c3b00000, 0x00000000c3c00000, 0x00000000c3c00000|100%| S|CS|TAMS 0x00000000c3b00000| PB 0x00000000c3b00000| Complete 
|  60|0x00000000c3c00000, 0x00000000c3c00000, 0x00000000c3d00000|  0%| F|  |TAMS 0x00000000c3c00000| PB 0x00000000c3c00000| Untracked 
|  61|0x00000000c3d00000, 0x00000000c3d00000, 0x00000000c3e00000|  0%| F|  |TAMS 0x00000000c3d00000| PB 0x00000000c3d00000| Untracked 
|  62|0x00000000c3e00000, 0x00000000c3e00000, 0x00000000c3f00000|  0%| F|  |TAMS 0x00000000c3e00000| PB 0x00000000c3e00000| Untracked 
|  63|0x00000000c3f00000, 0x00000000c3f00000, 0x00000000c4000000|  0%| F|  |TAMS 0x00000000c3f00000| PB 0x00000000c3f00000| Untracked 
|  64|0x00000000c4000000, 0x00000000c4000000, 0x00000000c4100000|  0%| F|  |TAMS 0x00000000c4000000| PB 0x00000000c4000000| Untracked 
|  65|0x00000000c4100000, 0x00000000c4100000, 0x00000000c4200000|  0%| F|  |TAMS 0x00000000c4100000| PB 0x00000000c4100000| Untracked 
|  66|0x00000000c4200000, 0x00000000c4200000, 0x00000000c4300000|  0%| F|  |TAMS 0x00000000c4200000| PB 0x00000000c4200000| Untracked 
|  67|0x00000000c4300000, 0x00000000c4300000, 0x00000000c4400000|  0%| F|  |TAMS 0x00000000c4300000| PB 0x00000000c4300000| Untracked 
|  68|0x00000000c4400000, 0x00000000c4400000, 0x00000000c4500000|  0%| F|  |TAMS 0x00000000c4400000| PB 0x00000000c4400000| Untracked 
|  69|0x00000000c4500000, 0x00000000c4500000, 0x00000000c4600000|  0%| F|  |TAMS 0x00000000c4500000| PB 0x00000000c4500000| Untracked 
|  70|0x00000000c4600000, 0x00000000c4600000, 0x00000000c4700000|  0%| F|  |TAMS 0x00000000c4600000| PB 0x00000000c4600000| Untracked 
|  71|0x00000000c4700000, 0x00000000c4700000, 0x00000000c4800000|  0%| F|  |TAMS 0x00000000c4700000| PB 0x00000000c4700000| Untracked 
|  72|0x00000000c4800000, 0x00000000c4800000, 0x00000000c4900000|  0%| F|  |TAMS 0x00000000c4800000| PB 0x00000000c4800000| Untracked 
|  73|0x00000000c4900000, 0x00000000c4900000, 0x00000000c4a00000|  0%| F|  |TAMS 0x00000000c4900000| PB 0x00000000c4900000| Untracked 
|  74|0x00000000c4a00000, 0x00000000c4a00000, 0x00000000c4b00000|  0%| F|  |TAMS 0x00000000c4a00000| PB 0x00000000c4a00000| Untracked 
|  75|0x00000000c4b00000, 0x00000000c4b00000, 0x00000000c4c00000|  0%| F|  |TAMS 0x00000000c4b00000| PB 0x00000000c4b00000| Untracked 
|  76|0x00000000c4c00000, 0x00000000c4c00000, 0x00000000c4d00000|  0%| F|  |TAMS 0x00000000c4c00000| PB 0x00000000c4c00000| Untracked 
|  77|0x00000000c4d00000, 0x00000000c4d00000, 0x00000000c4e00000|  0%| F|  |TAMS 0x00000000c4d00000| PB 0x00000000c4d00000| Untracked 
|  78|0x00000000c4e00000, 0x00000000c4e00000, 0x00000000c4f00000|  0%| F|  |TAMS 0x00000000c4e00000| PB 0x00000000c4e00000| Untracked 
|  79|0x00000000c4f00000, 0x00000000c4f00000, 0x00000000c5000000|  0%| F|  |TAMS 0x00000000c4f00000| PB 0x00000000c4f00000| Untracked 
| 162|0x00000000ca200000, 0x00000000ca200000, 0x00000000ca300000|  0%| F|  |TAMS 0x00000000ca200000| PB 0x00000000ca200000| Untracked 
| 163|0x00000000ca300000, 0x00000000ca300000, 0x00000000ca400000|  0%| F|  |TAMS 0x00000000ca300000| PB 0x00000000ca300000| Untracked 
| 164|0x00000000ca400000, 0x00000000ca400000, 0x00000000ca500000|  0%| F|  |TAMS 0x00000000ca400000| PB 0x00000000ca400000| Untracked 
| 165|0x00000000ca500000, 0x00000000ca500000, 0x00000000ca600000|  0%| F|  |TAMS 0x00000000ca500000| PB 0x00000000ca500000| Untracked 
| 166|0x00000000ca600000, 0x00000000ca600000, 0x00000000ca700000|  0%| F|  |TAMS 0x00000000ca600000| PB 0x00000000ca600000| Untracked 
| 167|0x00000000ca700000, 0x00000000ca700000, 0x00000000ca800000|  0%| F|  |TAMS 0x00000000ca700000| PB 0x00000000ca700000| Untracked 
| 168|0x00000000ca800000, 0x00000000ca800000, 0x00000000ca900000|  0%| F|  |TAMS 0x00000000ca800000| PB 0x00000000ca800000| Untracked 
| 169|0x00000000ca900000, 0x00000000ca900000, 0x00000000caa00000|  0%| F|  |TAMS 0x00000000ca900000| PB 0x00000000ca900000| Untracked 
| 170|0x00000000caa00000, 0x00000000caa00000, 0x00000000cab00000|  0%| F|  |TAMS 0x00000000caa00000| PB 0x00000000caa00000| Untracked 
| 171|0x00000000cab00000, 0x00000000cab00000, 0x00000000cac00000|  0%| F|  |TAMS 0x00000000cab00000| PB 0x00000000cab00000| Untracked 
| 172|0x00000000cac00000, 0x00000000cac00000, 0x00000000cad00000|  0%| F|  |TAMS 0x00000000cac00000| PB 0x00000000cac00000| Untracked 
| 173|0x00000000cad00000, 0x00000000cad92960, 0x00000000cae00000| 57%| E|  |TAMS 0x00000000cad00000| PB 0x00000000cad00000| Complete 
| 174|0x00000000cae00000, 0x00000000caf00000, 0x00000000caf00000|100%| E|CS|TAMS 0x00000000cae00000| PB 0x00000000cae00000| Complete 
| 251|0x00000000cfb00000, 0x00000000cfc00000, 0x00000000cfc00000|100%| E|CS|TAMS 0x00000000cfb00000| PB 0x00000000cfb00000| Complete 
|1014|0x00000000ff600000, 0x00000000ff700000, 0x00000000ff700000|100%| O|  |TAMS 0x00000000ff600000| PB 0x00000000ff600000| Untracked 
|1015|0x00000000ff700000, 0x00000000ff800000, 0x00000000ff800000|100%| E|CS|TAMS 0x00000000ff700000| PB 0x00000000ff700000| Complete 
|1016|0x00000000ff800000, 0x00000000ff900000, 0x00000000ff900000|100%| O|  |TAMS 0x00000000ff800000| PB 0x00000000ff800000| Untracked 
|1017|0x00000000ff900000, 0x00000000ffa00000, 0x00000000ffa00000|100%| O|  |TAMS 0x00000000ff900000| PB 0x00000000ff900000| Untracked 
|1018|0x00000000ffa00000, 0x00000000ffb00000, 0x00000000ffb00000|100%| O|  |TAMS 0x00000000ffa00000| PB 0x00000000ffa00000| Untracked 
|1019|0x00000000ffb00000, 0x00000000ffc00000, 0x00000000ffc00000|100%| O|  |TAMS 0x00000000ffb00000| PB 0x00000000ffb00000| Untracked 
|1020|0x00000000ffc00000, 0x00000000ffd00000, 0x00000000ffd00000|100%| O|  |TAMS 0x00000000ffc00000| PB 0x00000000ffc00000| Untracked 
|1021|0x00000000ffd00000, 0x00000000ffe00000, 0x00000000ffe00000|100%| O|  |TAMS 0x00000000ffd00000| PB 0x00000000ffd00000| Untracked 
|1022|0x00000000ffe00000, 0x00000000fff00000, 0x00000000fff00000|100%| O|  |TAMS 0x00000000ffe00000| PB 0x00000000ffe00000| Untracked 
|1023|0x00000000fff00000, 0x0000000100000000, 0x0000000100000000|100%| O|  |TAMS 0x00000000fff00000| PB 0x00000000fff00000| Untracked 

Card table byte_map: [0x000002c8dade0000,0x000002c8dafe0000] _byte_map_base: 0x000002c8da7e0000

Marking Bits: (CMBitMap*) 0x000002c8c8239010
 Bits: [0x000002c8dafe0000, 0x000002c8dbfe0000)

Polling page: 0x000002c8c5f90000

Metaspace:

Usage:
  Non-class:     44.45 MB used.
      Class:      7.24 MB used.
       Both:     51.70 MB used.

Virtual space:
  Non-class space:       64.00 MB reserved,      45.19 MB ( 71%) committed,  1 nodes.
      Class space:        1.00 GB reserved,       8.00 MB ( <1%) committed,  1 nodes.
             Both:        1.06 GB reserved,      53.19 MB (  5%) committed. 

Chunk freelists:
   Non-Class:  2.11 MB
       Class:  7.98 MB
        Both:  10.09 MB

MaxMetaspaceSize: unlimited
CompressedClassSpaceSize: 1.00 GB
Initial GC threshold: 21.00 MB
Current GC threshold: 74.94 MB
CDS: off
 - commit_granule_bytes: 65536.
 - commit_granule_words: 8192.
 - virtual_space_node_default_size: 8388608.
 - enlarge_chunks_in_place: 1.
 - use_allocation_guard: 0.


Internal statistics:

num_allocs_failed_limit: 6.
num_arena_births: 2858.
num_arena_deaths: 0.
num_vsnodes_births: 2.
num_vsnodes_deaths: 0.
num_space_committed: 851.
num_space_uncommitted: 0.
num_chunks_returned_to_freelist: 6.
num_chunks_taken_from_freelist: 4968.
num_chunk_merges: 3.
num_chunk_splits: 3207.
num_chunks_enlarged: 1941.
num_inconsistent_stats: 0.

CodeHeap 'non-profiled nmethods': size=119168Kb used=3014Kb max_used=3014Kb free=116153Kb
 bounds [0x000002c8d2ef0000, 0x000002c8d31f0000, 0x000002c8da350000]
CodeHeap 'profiled nmethods': size=119104Kb used=8580Kb max_used=8580Kb free=110523Kb
 bounds [0x000002c8cb350000, 0x000002c8cbbc0000, 0x000002c8d27a0000]
CodeHeap 'non-nmethods': size=7488Kb used=3052Kb max_used=3689Kb free=4435Kb
 bounds [0x000002c8d27a0000, 0x000002c8d2b40000, 0x000002c8d2ef0000]
CodeCache: size=245760Kb, used=14646Kb, max_used=15283Kb, free=231111Kb
 total_blobs=5110, nmethods=4398, adapters=613, full_count=0
Compilation: enabled, stopped_count=0, restarted_count=0

Compilation events (20 events):
Event: 13.477 Thread 0x000002c8df20d8c0 4946       3       java.util.TimSort::binarySort (223 bytes)
Event: 13.477 Thread 0x000002c8df20d8c0 nmethod 4946 0x000002c8cbba5e90 code [0x000002c8cbba60c0, 0x000002c8cbba6b38]
Event: 13.479 Thread 0x000002c8df20bd80 4947       4       jdk.internal.org.objectweb.asm.SymbolTable::addConstantMethodref (24 bytes)
Event: 13.479 Thread 0x000002c8df20bd80 nmethod 4947 0x000002c8d31d8d90 code [0x000002c8d31d8f20, 0x000002c8d31d8ff0]
Event: 13.485 Thread 0x000002c8df20bd80 4948       4       java.lang.ClassLoader::compareCerts (197 bytes)
Event: 13.485 Thread 0x000002c8df20bd80 nmethod 4948 0x000002c8d31d9090 code [0x000002c8d31d9220, 0x000002c8d31d9318]
Event: 13.486 Thread 0x000002c8df20d8c0 4949       3       jdk.internal.loader.Resource::getByteBuffer (24 bytes)
Event: 13.486 Thread 0x000002c8df20d8c0 nmethod 4949 0x000002c8cbba6e10 code [0x000002c8cbba7000, 0x000002c8cbba76b0]
Event: 13.494 Thread 0x000002c8df209e20 nmethod 4900 0x000002c8d31d9410 code [0x000002c8d31d9a60, 0x000002c8d31ded28]
Event: 13.538 Thread 0x000002c8df20a910 4950   !   3       java.util.concurrent.locks.AbstractQueuedSynchronizer::tryInitializeHead (66 bytes)
Event: 13.538 Thread 0x000002c8df20a910 nmethod 4950 0x000002c8cbba7810 code [0x000002c8cbba7a00, 0x000002c8cbba7f98]
Event: 13.650 Thread 0x000002c8df20df90 4951   !   3       java.util.concurrent.locks.AbstractQueuedSynchronizer$ConditionObject::newConditionNode (78 bytes)
Event: 13.651 Thread 0x000002c8df20c450 4952       3       java.util.concurrent.locks.AbstractQueuedSynchronizer$ConditionObject::enableWait (84 bytes)
Event: 13.651 Thread 0x000002c8df20df90 nmethod 4951 0x000002c8cbba8110 code [0x000002c8cbba8380, 0x000002c8cbba8b38]
Event: 13.651 Thread 0x000002c8df20c450 nmethod 4952 0x000002c8cbba8e10 code [0x000002c8cbba9040, 0x000002c8cbba9760]
Event: 13.714 Thread 0x000002c8df20d8c0 4953   !   3       java.util.concurrent.locks.AbstractQueuedSynchronizer::acquire (424 bytes)
Event: 13.715 Thread 0x000002c8df20d8c0 nmethod 4953 0x000002c8cbba9a10 code [0x000002c8cbba9de0, 0x000002c8cbbab710]
Event: 13.762 Thread 0x000002c8df20df90 4954       3       jdk.internal.misc.Unsafe::putIntOpaque (9 bytes)
Event: 13.762 Thread 0x000002c8df20df90 nmethod 4954 0x000002c8cbbabf90 code [0x000002c8cbbac120, 0x000002c8cbbac238]
Event: 14.081 Thread 0x000002c8df20df90 4955       3       javax.management.ObjectName::construct (1135 bytes)

GC Heap History (20 events):
Event: 0.659 GC heap before
{Heap before GC invocations=1 (full 0):
 garbage-first heap   total 258048K, used 40490K [0x00000000c0000000, 0x0000000100000000)
  region size 1024K, 38 young (38912K), 2 survivors (2048K)
 Metaspace       used 12594K, committed 12800K, reserved 1114112K
  class space    used 1377K, committed 1472K, reserved 1048576K
}
Event: 0.661 GC heap after
{Heap after GC invocations=2 (full 0):
 garbage-first heap   total 258048K, used 10288K [0x00000000c0000000, 0x0000000100000000)
  region size 1024K, 5 young (5120K), 5 survivors (5120K)
 Metaspace       used 12594K, committed 12800K, reserved 1114112K
  class space    used 1377K, committed 1472K, reserved 1048576K
}
Event: 11.295 GC heap before
{Heap before GC invocations=2 (full 0):
 garbage-first heap   total 258048K, used 85040K [0x00000000c0000000, 0x0000000100000000)
  region size 1024K, 77 young (78848K), 5 survivors (5120K)
 Metaspace       used 21223K, committed 21504K, reserved 1114112K
  class space    used 2505K, committed 2624K, reserved 1048576K
}
Event: 11.301 GC heap after
{Heap after GC invocations=3 (full 0):
 garbage-first heap   total 258048K, used 19503K [0x00000000c0000000, 0x0000000100000000)
  region size 1024K, 13 young (13312K), 13 survivors (13312K)
 Metaspace       used 21223K, committed 21504K, reserved 1114112K
  class space    used 2505K, committed 2624K, reserved 1048576K
}
Event: 11.771 GC heap before
{Heap before GC invocations=4 (full 0):
 garbage-first heap   total 68608K, used 66607K [0x00000000c0000000, 0x0000000100000000)
  region size 1024K, 60 young (61440K), 13 survivors (13312K)
 Metaspace       used 29035K, committed 29568K, reserved 1114112K
  class space    used 3743K, committed 3968K, reserved 1048576K
}
Event: 11.777 GC heap after
{Heap after GC invocations=5 (full 0):
 garbage-first heap   total 86016K, used 22631K [0x00000000c0000000, 0x0000000100000000)
  region size 1024K, 11 young (11264K), 11 survivors (11264K)
 Metaspace       used 29035K, committed 29568K, reserved 1114112K
  class space    used 3743K, committed 3968K, reserved 1048576K
}
Event: 12.119 GC heap before
{Heap before GC invocations=5 (full 0):
 garbage-first heap   total 86016K, used 63591K [0x00000000c0000000, 0x0000000100000000)
  region size 1024K, 50 young (51200K), 11 survivors (11264K)
 Metaspace       used 34886K, committed 35584K, reserved 1114112K
  class space    used 4593K, committed 4928K, reserved 1048576K
}
Event: 12.123 GC heap after
{Heap after GC invocations=6 (full 0):
 garbage-first heap   total 86016K, used 25540K [0x00000000c0000000, 0x0000000100000000)
  region size 1024K, 6 young (6144K), 6 survivors (6144K)
 Metaspace       used 34886K, committed 35584K, reserved 1114112K
  class space    used 4593K, committed 4928K, reserved 1048576K
}
Event: 12.147 GC heap before
{Heap before GC invocations=6 (full 0):
 garbage-first heap   total 86016K, used 28612K [0x00000000c0000000, 0x0000000100000000)
  region size 1024K, 10 young (10240K), 6 survivors (6144K)
 Metaspace       used 35243K, committed 35968K, reserved 1114112K
  class space    used 4660K, committed 4992K, reserved 1048576K
}
Event: 12.149 GC heap after
{Heap after GC invocations=7 (full 0):
 garbage-first heap   total 86016K, used 25206K [0x00000000c0000000, 0x0000000100000000)
  region size 1024K, 3 young (3072K), 3 survivors (3072K)
 Metaspace       used 35243K, committed 35968K, reserved 1114112K
  class space    used 4660K, committed 4992K, reserved 1048576K
}
Event: 12.514 GC heap before
{Heap before GC invocations=8 (full 0):
 garbage-first heap   total 86016K, used 84598K [0x00000000c0000000, 0x0000000100000000)
  region size 1024K, 35 young (35840K), 3 survivors (3072K)
 Metaspace       used 38725K, committed 39680K, reserved 1114112K
  class space    used 5296K, committed 5760K, reserved 1048576K
}
Event: 12.518 GC heap after
{Heap after GC invocations=9 (full 0):
 garbage-first heap   total 96256K, used 59043K [0x00000000c0000000, 0x0000000100000000)
  region size 1024K, 6 young (6144K), 6 survivors (6144K)
 Metaspace       used 38725K, committed 39680K, reserved 1114112K
  class space    used 5296K, committed 5760K, reserved 1048576K
}
Event: 12.704 GC heap before
{Heap before GC invocations=9 (full 0):
 garbage-first heap   total 96256K, used 82595K [0x00000000c0000000, 0x0000000100000000)
  region size 1024K, 29 young (29696K), 6 survivors (6144K)
 Metaspace       used 41574K, committed 42688K, reserved 1114112K
  class space    used 5727K, committed 6272K, reserved 1048576K
}
Event: 12.707 GC heap after
{Heap after GC invocations=10 (full 0):
 garbage-first heap   total 96256K, used 61162K [0x00000000c0000000, 0x0000000100000000)
  region size 1024K, 2 young (2048K), 2 survivors (2048K)
 Metaspace       used 41574K, committed 42688K, reserved 1114112K
  class space    used 5727K, committed 6272K, reserved 1048576K
}
Event: 12.918 GC heap before
{Heap before GC invocations=10 (full 0):
 garbage-first heap   total 96256K, used 86762K [0x00000000c0000000, 0x0000000100000000)
  region size 1024K, 27 young (27648K), 2 survivors (2048K)
 Metaspace       used 44566K, committed 45824K, reserved 1114112K
  class space    used 6260K, committed 6912K, reserved 1048576K
}
Event: 12.920 GC heap after
{Heap after GC invocations=11 (full 0):
 garbage-first heap   total 96256K, used 62481K [0x00000000c0000000, 0x0000000100000000)
  region size 1024K, 4 young (4096K), 4 survivors (4096K)
 Metaspace       used 44566K, committed 45824K, reserved 1114112K
  class space    used 6260K, committed 6912K, reserved 1048576K
}
Event: 13.138 GC heap before
{Heap before GC invocations=12 (full 0):
 garbage-first heap   total 106496K, used 83985K [0x00000000c0000000, 0x0000000100000000)
  region size 1024K, 26 young (26624K), 4 survivors (4096K)
 Metaspace       used 48226K, committed 49536K, reserved 1114112K
  class space    used 6741K, committed 7360K, reserved 1048576K
}
Event: 13.141 GC heap after
{Heap after GC invocations=13 (full 0):
 garbage-first heap   total 106496K, used 64218K [0x00000000c0000000, 0x0000000100000000)
  region size 1024K, 4 young (4096K), 4 survivors (4096K)
 Metaspace       used 48226K, committed 49536K, reserved 1114112K
  class space    used 6741K, committed 7360K, reserved 1048576K
}
Event: 13.445 GC heap before
{Heap before GC invocations=13 (full 0):
 garbage-first heap   total 106496K, used 93914K [0x00000000c0000000, 0x0000000100000000)
  region size 1024K, 34 young (34816K), 4 survivors (4096K)
 Metaspace       used 52406K, committed 53952K, reserved 1114112K
  class space    used 7329K, committed 8064K, reserved 1048576K
}
Event: 13.449 GC heap after
{Heap after GC invocations=14 (full 0):
 garbage-first heap   total 106496K, used 67606K [0x00000000c0000000, 0x0000000100000000)
  region size 1024K, 5 young (5120K), 5 survivors (5120K)
 Metaspace       used 52406K, committed 53952K, reserved 1114112K
  class space    used 7329K, committed 8064K, reserved 1048576K
}

Dll operation events (3 events):
Event: 0.005 Loaded shared library C:\Program Files\Android\Android Studio1\jbr\bin\java.dll
Event: 0.009 Loaded shared library C:\Program Files\Android\Android Studio1\jbr\bin\zip.dll
Event: 0.425 Loaded shared library C:\Program Files\Android\Android Studio1\jbr\bin\verify.dll

Deoptimization events (20 events):
Event: 13.326 Thread 0x000002c8df9fddb0 Uncommon trap: trap_request=0xffffff45 fr.pc=0x000002c8d30326d0 relative=0x00000000000008d0
Event: 13.326 Thread 0x000002c8df9fddb0 Uncommon trap: reason=unstable_if action=reinterpret pc=0x000002c8d30326d0 method=jdk.internal.org.objectweb.asm.Frame.execute(IILjdk/internal/org/objectweb/asm/Symbol;Ljdk/internal/org/objectweb/asm/SymbolTable;)V @ 1249 c2
Event: 13.326 Thread 0x000002c8df9fddb0 DEOPT PACKING pc=0x000002c8d30326d0 sp=0x000000cc046f7960
Event: 13.326 Thread 0x000002c8df9fddb0 DEOPT UNPACKING pc=0x000002c8d27f46a2 sp=0x000000cc046f78e0 mode 2
Event: 13.360 Thread 0x000002c8e7937ef0 Uncommon trap: trap_request=0xffffff6e fr.pc=0x000002c8d2fb862c relative=0x00000000000003ec
Event: 13.360 Thread 0x000002c8e7937ef0 Uncommon trap: reason=loop_limit_check action=maybe_recompile pc=0x000002c8d2fb862c method=java.lang.StringLatin1.indexOf([BI[BII)I @ 37 c2
Event: 13.360 Thread 0x000002c8e7937ef0 DEOPT PACKING pc=0x000002c8d2fb862c sp=0x000000cc072fe0b0
Event: 13.360 Thread 0x000002c8e7937ef0 DEOPT UNPACKING pc=0x000002c8d27f46a2 sp=0x000000cc072fe038 mode 2
Event: 13.367 Thread 0x000002c8df9fddb0 Uncommon trap: trap_request=0xffffff45 fr.pc=0x000002c8d300545c relative=0x000000000000029c
Event: 13.367 Thread 0x000002c8df9fddb0 Uncommon trap: reason=unstable_if action=reinterpret pc=0x000002c8d300545c method=java.lang.String.regionMatches(ZILjava/lang/String;II)Z @ 36 c2
Event: 13.367 Thread 0x000002c8df9fddb0 DEOPT PACKING pc=0x000002c8d300545c sp=0x000000cc046f8370
Event: 13.367 Thread 0x000002c8df9fddb0 DEOPT UNPACKING pc=0x000002c8d27f46a2 sp=0x000000cc046f82d8 mode 2
Event: 13.403 Thread 0x000002c8df9fddb0 Uncommon trap: trap_request=0xffffff45 fr.pc=0x000002c8d2f15e8c relative=0x0000000000000a2c
Event: 13.403 Thread 0x000002c8df9fddb0 Uncommon trap: reason=unstable_if action=reinterpret pc=0x000002c8d2f15e8c method=org.objectweb.asm.Frame.push(I)V @ 26 c2
Event: 13.403 Thread 0x000002c8df9fddb0 DEOPT PACKING pc=0x000002c8d2f15e8c sp=0x000000cc046f50a0
Event: 13.403 Thread 0x000002c8df9fddb0 DEOPT UNPACKING pc=0x000002c8d27f46a2 sp=0x000000cc046f4fa8 mode 2
Event: 13.419 Thread 0x000002c8df9fddb0 Uncommon trap: trap_request=0xffffff3d fr.pc=0x000002c8d312c940 relative=0x0000000000000e20
Event: 13.419 Thread 0x000002c8df9fddb0 Uncommon trap: reason=unstable_fused_if action=reinterpret pc=0x000002c8d312c940 method=org.objectweb.asm.ByteVector.putUTF8(Ljava/lang/String;)Lorg/objectweb/asm/ByteVector; @ 93 c2
Event: 13.419 Thread 0x000002c8df9fddb0 DEOPT PACKING pc=0x000002c8d312c940 sp=0x000000cc046f4390
Event: 13.419 Thread 0x000002c8df9fddb0 DEOPT UNPACKING pc=0x000002c8d27f46a2 sp=0x000000cc046f42e8 mode 2

Classes loaded (20 events):
Event: 13.354 Loading class com/jetbrains/internal/IoToNioErrorMessageHolder
Event: 13.354 Loading class com/jetbrains/internal/IoToNioErrorMessageHolder done
Event: 13.356 Loading class sun/nio/fs/WindowsChannelFactory
Event: 13.356 Loading class sun/nio/fs/WindowsChannelFactory done
Event: 13.356 Loading class sun/nio/fs/WindowsChannelFactory$1
Event: 13.356 Loading class sun/nio/fs/WindowsChannelFactory$1 done
Event: 13.356 Loading class sun/nio/fs/WindowsChannelFactory$Flags
Event: 13.356 Loading class sun/nio/fs/WindowsChannelFactory$Flags done
Event: 13.356 Loading class sun/nio/ch/FileChannelImpl$Closer
Event: 13.356 Loading class sun/nio/ch/FileChannelImpl$Closer done
Event: 13.356 Loading class java/nio/channels/Channels
Event: 13.356 Loading class java/nio/channels/Channels done
Event: 13.356 Loading class sun/nio/ch/Streams
Event: 13.356 Loading class sun/nio/ch/Streams done
Event: 13.356 Loading class sun/nio/ch/ChannelInputStream
Event: 13.356 Loading class sun/nio/ch/ChannelInputStream done
Event: 13.361 Loading class sun/nio/fs/WindowsChannelFactory$2
Event: 13.361 Loading class sun/nio/fs/WindowsChannelFactory$2 done
Event: 13.361 Loading class sun/nio/ch/ChannelOutputStream
Event: 13.361 Loading class sun/nio/ch/ChannelOutputStream done

Classes unloaded (0 events):
No events

Classes redefined (0 events):
No events

Internal exceptions (20 events):
Event: 13.353 Thread 0x000002c8e7937ef0 Exception <a 'sun/nio/fs/WindowsException'{0x00000000c4939250}> (0x00000000c4939250) 
thrown [s\src\hotspot\share\prims\jni.cpp, line 537]
Event: 13.354 Thread 0x000002c8e7937ef0 Exception <a 'sun/nio/fs/WindowsException'{0x00000000c493a468}> (0x00000000c493a468) 
thrown [s\src\hotspot\share\prims\jni.cpp, line 537]
Event: 13.361 Thread 0x000002c8e7937ef0 Exception <a 'sun/nio/fs/WindowsException'{0x00000000c499d340}> (0x00000000c499d340) 
thrown [s\src\hotspot\share\prims\jni.cpp, line 537]
Event: 13.363 Thread 0x000002c8e7937ef0 Exception <a 'sun/nio/fs/WindowsException'{0x00000000c49ac610}> (0x00000000c49ac610) 
thrown [s\src\hotspot\share\prims\jni.cpp, line 537]
Event: 13.365 Thread 0x000002c8e7937ef0 Exception <a 'sun/nio/fs/WindowsException'{0x00000000c49b5900}> (0x00000000c49b5900) 
thrown [s\src\hotspot\share\prims\jni.cpp, line 537]
Event: 13.371 Thread 0x000002c8df9fddb0 Exception <a 'java/lang/ClassNotFoundException'{0x00000000c4818ff0}: sync_studio_tooling2_5arm8jvqu0ce0tkomeurqab2oBeanInfo> (0x00000000c4818ff0) 
thrown [s\src\hotspot\share\classfile\systemDictionary.cpp, line 312]
Event: 13.371 Thread 0x000002c8df9fddb0 Exception <a 'java/lang/ClassNotFoundException'{0x00000000c4820fd0}: sync_studio_tooling2_5arm8jvqu0ce0tkomeurqab2oCustomizer> (0x00000000c4820fd0) 
thrown [s\src\hotspot\share\classfile\systemDictionary.cpp, line 312]
Event: 13.375 Thread 0x000002c8df9fddb0 Exception <a 'java/lang/ClassNotFoundException'{0x00000000c489cdb8}: org/gradle/internal/metaobject/ConfigureDelegateBeanInfo> (0x00000000c489cdb8) 
thrown [s\src\hotspot\share\classfile\systemDictionary.cpp, line 312]
Event: 13.375 Thread 0x000002c8df9fddb0 Exception <a 'java/lang/ClassNotFoundException'{0x00000000c48ad288}: org/gradle/internal/metaobject/ConfigureDelegateCustomizer> (0x00000000c48ad288) 
thrown [s\src\hotspot\share\classfile\systemDictionary.cpp, line 312]
Event: 13.385 Thread 0x000002c8df9fddb0 Exception <a 'java/lang/ClassNotFoundException'{0x00000000c439e900}: org/gradle/api/internal/initialization/DefaultScriptHandler_DecoratedBeanInfo> (0x00000000c439e900) 
thrown [s\src\hotspot\share\classfile\systemDictionary.cpp, line 312]
Event: 13.385 Thread 0x000002c8df9fddb0 Exception <a 'java/lang/ClassNotFoundException'{0x00000000c43b0940}: org/gradle/api/internal/initialization/DefaultScriptHandlerBeanInfo> (0x00000000c43b0940) 
thrown [s\src\hotspot\share\classfile\systemDictionary.cpp, line 312]
Event: 13.385 Thread 0x000002c8df9fddb0 Exception <a 'java/lang/ClassNotFoundException'{0x00000000c43c2950}: org/gradle/api/internal/initialization/DefaultScriptHandlerCustomizer> (0x00000000c43c2950) 
thrown [s\src\hotspot\share\classfile\systemDictionary.cpp, line 312]
Event: 13.386 Thread 0x000002c8df9fddb0 Exception <a 'java/lang/ClassNotFoundException'{0x00000000c43e1c80}: org/gradle/api/internal/initialization/DefaultScriptHandler_DecoratedCustomizer> (0x00000000c43e1c80) 
thrown [s\src\hotspot\share\classfile\systemDictionary.cpp, line 312]
Event: 13.400 Thread 0x000002c8df9fddb0 Exception <a 'java/lang/NoSuchMethodError'{0x00000000c41c7ca8}: 'java.lang.Object java.lang.invoke.DirectMethodHandle$Holder.invokeVirtual(java.lang.Object, java.lang.Object, java.lang.Object, java.lang.Object, java.lang.Object, java.lang.Object, java.lang.Object, java.lang.Object, java.lang.Object, java.lang.Object, java.lang.Object, java.lang.Object, java.lang.Object, java.lang.Object, java.lang.Object)'> (0x00000000c41c7ca8) 
thrown [s\src\hotspot\share\interpreter\linkResolver.cpp, line 784]
Event: 13.404 Thread 0x000002c8df9fddb0 Exception <a 'java/lang/NoSuchMethodError'{0x00000000c409c998}: 'java.lang.Object java.lang.invoke.DirectMethodHandle$Holder.newInvokeSpecial(java.lang.Object, java.lang.Object, java.lang.Object, java.lang.Object, java.lang.Object, java.lang.Object, java.lang.Object, java.lang.Object, java.lang.Object, java.lang.Object, java.lang.Object, java.lang.Object, java.lang.Object)'> (0x00000000c409c998) 
thrown [s\src\hotspot\share\interpreter\linkResolver.cpp, line 784]
Event: 13.436 Thread 0x000002c8df9fddb0 Exception <a 'java/lang/NoSuchMethodError'{0x00000000c3c28ae8}: 'java.lang.Object java.lang.invoke.DirectMethodHandle$Holder.invokeSpecial(java.lang.Object, java.lang.Object, java.lang.Object, java.lang.Object, int, java.lang.Object)'> (0x00000000c3c28ae8) 
thrown [s\src\hotspot\share\interpreter\linkResolver.cpp, line 784]
Event: 13.436 Thread 0x000002c8df9fddb0 Exception <a 'java/lang/NoSuchMethodError'{0x00000000c3c30bf0}: 'java.lang.Object java.lang.invoke.DirectMethodHandle$Holder.newInvokeSpecial(java.lang.Object, java.lang.Object, java.lang.Object, java.lang.Object, int)'> (0x00000000c3c30bf0) 
thrown [s\src\hotspot\share\interpreter\linkResolver.cpp, line 784]
Event: 13.436 Thread 0x000002c8df9fddb0 Exception <a 'java/lang/NoSuchMethodError'{0x00000000c3c35f10}: 'java.lang.Object java.lang.invoke.DirectMethodHandle$Holder.invokeSpecial(java.lang.Object, java.lang.Object, java.lang.Object, java.lang.Object, java.lang.Object, int)'> (0x00000000c3c35f10) 
thrown [s\src\hotspot\share\interpreter\linkResolver.cpp, line 784]
Event: 13.437 Thread 0x000002c8df9fddb0 Exception <a 'java/lang/NoSuchMethodError'{0x00000000c3c3a8f8}: 'java.lang.Object java.lang.invoke.Invokers$Holder.linkToTargetMethod(java.lang.Object, java.lang.Object, java.lang.Object, int, java.lang.Object)'> (0x00000000c3c3a8f8) 
thrown [s\src\hotspot\share\interpreter\linkResolver.cpp, line 784]
Event: 13.476 Thread 0x000002c8df9fddb0 Exception <a 'java/lang/NoSuchMethodError'{0x00000000cae79000}: 'int java.lang.invoke.DirectMethodHandle$Holder.invokeInterface(java.lang.Object, java.lang.Object, java.lang.Object, java.lang.Object)'> (0x00000000cae79000) 
thrown [s\src\hotspot\share\interpreter\linkResolver.cpp, line 784]

ZGC Phase Switch (0 events):
No events

VM Operations (20 events):
Event: 13.141 Executing VM operation: G1CollectForAllocation (G1 Evacuation Pause) done
Event: 13.183 Executing VM operation: HandshakeAllThreads (Deoptimize)
Event: 13.183 Executing VM operation: HandshakeAllThreads (Deoptimize) done
Event: 13.268 Executing VM operation: HandshakeAllThreads (Deoptimize)
Event: 13.269 Executing VM operation: HandshakeAllThreads (Deoptimize) done
Event: 13.271 Executing VM operation: HandshakeAllThreads (Deoptimize)
Event: 13.271 Executing VM operation: HandshakeAllThreads (Deoptimize) done
Event: 13.271 Executing VM operation: HandshakeAllThreads (Deoptimize)
Event: 13.271 Executing VM operation: HandshakeAllThreads (Deoptimize) done
Event: 13.323 Executing VM operation: ICBufferFull
Event: 13.323 Executing VM operation: ICBufferFull done
Event: 13.354 Executing VM operation: HandshakeAllThreads (Deoptimize)
Event: 13.354 Executing VM operation: HandshakeAllThreads (Deoptimize) done
Event: 13.430 Executing VM operation: HandshakeAllThreads (Deoptimize)
Event: 13.430 Executing VM operation: HandshakeAllThreads (Deoptimize) done
Event: 13.445 Executing VM operation: G1CollectForAllocation (G1 Evacuation Pause)
Event: 13.449 Executing VM operation: G1CollectForAllocation (G1 Evacuation Pause) done
Event: 13.475 Executing VM operation: HandshakeAllThreads (Deoptimize)
Event: 13.475 Executing VM operation: HandshakeAllThreads (Deoptimize) done
Event: 14.481 Executing VM operation: Cleanup

Memory protections (0 events):
No events

Nmethod flushes (20 events):
Event: 12.929 Thread 0x000002c8df12d420 flushing  nmethod 0x000002c8cb71e310
Event: 12.929 Thread 0x000002c8df12d420 flushing  nmethod 0x000002c8cb71ff90
Event: 12.929 Thread 0x000002c8df12d420 flushing  nmethod 0x000002c8cb723410
Event: 12.929 Thread 0x000002c8df12d420 flushing  nmethod 0x000002c8cb723790
Event: 12.929 Thread 0x000002c8df12d420 flushing  nmethod 0x000002c8cb726490
Event: 12.929 Thread 0x000002c8df12d420 flushing  nmethod 0x000002c8cb728090
Event: 12.929 Thread 0x000002c8df12d420 flushing  nmethod 0x000002c8cb7f9e10
Event: 12.929 Thread 0x000002c8df12d420 flushing  nmethod 0x000002c8cb877610
Event: 12.929 Thread 0x000002c8df12d420 flushing  nmethod 0x000002c8d2f88e90
Event: 12.929 Thread 0x000002c8df12d420 flushing  nmethod 0x000002c8d3013e10
Event: 12.929 Thread 0x000002c8df12d420 flushing  nmethod 0x000002c8cb3c7010
Event: 12.929 Thread 0x000002c8df12d420 flushing  nmethod 0x000002c8cb3ca310
Event: 12.929 Thread 0x000002c8df12d420 flushing  nmethod 0x000002c8cb510f90
Event: 12.929 Thread 0x000002c8df12d420 flushing  nmethod 0x000002c8cb54e190
Event: 12.929 Thread 0x000002c8df12d420 flushing  nmethod 0x000002c8cb54fe90
Event: 12.929 Thread 0x000002c8df12d420 flushing  nmethod 0x000002c8cb669c10
Event: 12.929 Thread 0x000002c8df12d420 flushing  nmethod 0x000002c8cb66c310
Event: 12.929 Thread 0x000002c8df12d420 flushing  nmethod 0x000002c8cb66cf10
Event: 12.929 Thread 0x000002c8df12d420 flushing  nmethod 0x000002c8cb66ea10
Event: 12.929 Thread 0x000002c8df12d420 flushing  nmethod 0x000002c8cb6c8090

Events (20 events):
Event: 12.306 Thread 0x000002c8df9fddb0 Thread added: 0x000002c8e79315f0
Event: 12.306 Thread 0x000002c8df9fddb0 Thread added: 0x000002c8e7932310
Event: 12.306 Thread 0x000002c8df9fddb0 Thread added: 0x000002c8e7935100
Event: 12.307 Thread 0x000002c8df9fddb0 Thread added: 0x000002c8e7931c80
Event: 12.307 Thread 0x000002c8df9fddb0 Thread added: 0x000002c8e7935790
Event: 12.307 Thread 0x000002c8df9fddb0 Thread added: 0x000002c8e7935e20
Event: 12.307 Thread 0x000002c8df9fddb0 Thread added: 0x000002c8e79364b0
Event: 12.307 Thread 0x000002c8df9fddb0 Thread added: 0x000002c8e7936b40
Event: 12.307 Thread 0x000002c8df9fddb0 Thread added: 0x000002c8e7937860
Event: 12.307 Thread 0x000002c8df9fddb0 Thread added: 0x000002c8e7938580
Event: 12.307 Thread 0x000002c8df9fddb0 Thread added: 0x000002c8e79371d0
Event: 12.307 Thread 0x000002c8df9fddb0 Thread added: 0x000002c8e7937ef0
Event: 12.307 Thread 0x000002c8df9fddb0 Thread added: 0x000002c8e4da16b0
Event: 12.307 Thread 0x000002c8df9fddb0 Thread added: 0x000002c8e4da0300
Event: 12.307 Thread 0x000002c8df9fddb0 Thread added: 0x000002c8e4d9fc70
Event: 12.308 Thread 0x000002c8df20df90 Thread added: 0x000002c8df20a910
Event: 12.688 Thread 0x000002c8df9fddb0 Thread added: 0x000002c8e4da0990
Event: 12.719 Thread 0x000002c8df9fddb0 Thread added: 0x000002c8e4da1020
Event: 12.866 Thread 0x000002c8df9fddb0 Thread added: 0x000002c8e4da1d40
Event: 12.906 Thread 0x000002c8df9fddb0 Thread added: 0x000002c8e4d9e8c0


Dynamic libraries:
0x00007ff6bbf50000 - 0x00007ff6bbf5a000 	C:\Program Files\Android\Android Studio1\jbr\bin\java.exe
0x00007ff8106c0000 - 0x00007ff810927000 	C:\WINDOWS\SYSTEM32\ntdll.dll
0x00007ff80fc80000 - 0x00007ff80fd49000 	C:\WINDOWS\System32\KERNEL32.DLL
0x00007ff80d1d0000 - 0x00007ff80d5c1000 	C:\WINDOWS\System32\KERNELBASE.dll
0x00007ff80e1a0000 - 0x00007ff80e2eb000 	C:\WINDOWS\System32\ucrtbase.dll
0x00007fffd4fb0000 - 0x00007fffd4fc8000 	C:\Program Files\Android\Android Studio1\jbr\bin\jli.dll
0x00007fffe1ed0000 - 0x00007fffe1eeb000 	C:\Program Files\Android\Android Studio1\jbr\bin\VCRUNTIME140.dll
0x00007ff80ea50000 - 0x00007ff80ec15000 	C:\WINDOWS\System32\USER32.dll
0x00007ff80e2f0000 - 0x00007ff80e317000 	C:\WINDOWS\System32\win32u.dll
0x00007ffff0bc0000 - 0x00007ffff0e53000 	C:\WINDOWS\WinSxS\amd64_microsoft.windows.common-controls_6595b64144ccf1df_6.0.26100.7922_none_3e089e1ee3342171\COMCTL32.dll
0x00007ff80fe10000 - 0x00007ff80fe3b000 	C:\WINDOWS\System32\GDI32.dll
0x00007ff80f3f0000 - 0x00007ff80f499000 	C:\WINDOWS\System32\msvcrt.dll
0x00007ff80de40000 - 0x00007ff80df6a000 	C:\WINDOWS\System32\gdi32full.dll
0x00007ff80cfa0000 - 0x00007ff80d043000 	C:\WINDOWS\System32\msvcp_win.dll
0x00007ff80fe40000 - 0x00007ff80fe71000 	C:\WINDOWS\System32\IMM32.DLL
0x00007ff8058f0000 - 0x00007ff8058fc000 	C:\Program Files\Android\Android Studio1\jbr\bin\vcruntime140_1.dll
0x00007fff7b990000 - 0x00007fff7ba1d000 	C:\Program Files\Android\Android Studio1\jbr\bin\msvcp140.dll
0x00007fff6f1c0000 - 0x00007fff6fe56000 	C:\Program Files\Android\Android Studio1\jbr\bin\server\jvm.dll
0x00007ff8101e0000 - 0x00007ff81029b000 	C:\WINDOWS\System32\ADVAPI32.dll
0x00007ff810550000 - 0x00007ff8105f7000 	C:\WINDOWS\System32\sechost.dll
0x00007ff80e900000 - 0x00007ff80ea18000 	C:\WINDOWS\System32\RPCRT4.dll
0x00007ff810600000 - 0x00007ff810674000 	C:\WINDOWS\System32\WS2_32.dll
0x00007ff80ce00000 - 0x00007ff80ce5e000 	C:\WINDOWS\SYSTEM32\POWRPROF.dll
0x00007ff8037c0000 - 0x00007ff8037f5000 	C:\WINDOWS\SYSTEM32\WINMM.dll
0x00007ff802780000 - 0x00007ff80278b000 	C:\WINDOWS\SYSTEM32\VERSION.dll
0x00007ff80cde0000 - 0x00007ff80cdf4000 	C:\WINDOWS\SYSTEM32\UMPDC.dll
0x00007ff80bd00000 - 0x00007ff80bd1b000 	C:\WINDOWS\SYSTEM32\kernel.appcore.dll
0x00007fffffd10000 - 0x00007fffffd1a000 	C:\Program Files\Android\Android Studio1\jbr\bin\jimage.dll
0x00007ff80b000000 - 0x00007ff80b242000 	C:\WINDOWS\SYSTEM32\DBGHELP.DLL
0x00007ff80ec30000 - 0x00007ff80efb2000 	C:\WINDOWS\System32\combase.dll
0x00007ff810060000 - 0x00007ff810137000 	C:\WINDOWS\System32\OLEAUT32.dll
0x00007fffeeaf0000 - 0x00007fffeeb2b000 	C:\WINDOWS\SYSTEM32\dbgcore.DLL
0x00007ff80e3b0000 - 0x00007ff80e455000 	C:\WINDOWS\System32\bcryptPrimitives.dll
0x00007ffffa5d0000 - 0x00007ffffa5de000 	C:\Program Files\Android\Android Studio1\jbr\bin\instrument.dll
0x00007fffde9e0000 - 0x00007fffdea00000 	C:\Program Files\Android\Android Studio1\jbr\bin\java.dll
0x00007fffddcd0000 - 0x00007fffddce8000 	C:\Program Files\Android\Android Studio1\jbr\bin\zip.dll
0x00007ff80f510000 - 0x00007ff80fc6f000 	C:\WINDOWS\System32\SHELL32.dll
0x00007ff80e030000 - 0x00007ff80e19a000 	C:\WINDOWS\System32\wintypes.dll
0x00007ff80d5d0000 - 0x00007ff80de34000 	C:\WINDOWS\System32\windows.storage.dll
0x00007ff8102a0000 - 0x00007ff810397000 	C:\WINDOWS\System32\SHCORE.dll
0x00007ff80f4a0000 - 0x00007ff80f507000 	C:\WINDOWS\System32\shlwapi.dll
0x00007ff80cec0000 - 0x00007ff80cee9000 	C:\WINDOWS\SYSTEM32\profapi.dll
0x00007ffffa740000 - 0x00007ffffa750000 	C:\Program Files\Android\Android Studio1\jbr\bin\net.dll
0x00007ff8033a0000 - 0x00007ff8034c7000 	C:\WINDOWS\SYSTEM32\WINHTTP.dll
0x00007ff80c280000 - 0x00007ff80c2eb000 	C:\WINDOWS\system32\mswsock.dll
0x00007fffd9dc0000 - 0x00007fffd9dd6000 	C:\Program Files\Android\Android Studio1\jbr\bin\nio.dll
0x00007ff805930000 - 0x00007ff805940000 	C:\Program Files\Android\Android Studio1\jbr\bin\verify.dll
0x00007fff88090000 - 0x00007fff880b7000 	C:\Users\twist\.gradle\native\1def1411415f61bf3af743bc5b6707747c0891f09f0c88961ee8f79bc544acac\windows-amd64\native-platform.dll
0x00007fff7b910000 - 0x00007fff7b987000 	C:\Users\twist\.gradle\native\0.2.8\x86_64-windows-gnu\gradle-fileevents.dll
0x00007fffe3360000 - 0x00007fffe3369000 	C:\Program Files\Android\Android Studio1\jbr\bin\management.dll
0x00007fffe2660000 - 0x00007fffe266b000 	C:\Program Files\Android\Android Studio1\jbr\bin\management_ext.dll
0x00007ff810540000 - 0x00007ff810548000 	C:\WINDOWS\System32\PSAPI.DLL
0x00007ff80b600000 - 0x00007ff80b633000 	C:\WINDOWS\SYSTEM32\IPHLPAPI.DLL
0x00007ff80e8f0000 - 0x00007ff80e8fa000 	C:\WINDOWS\System32\NSI.dll
0x00007ffffa680000 - 0x00007ffffa689000 	C:\Program Files\Android\Android Studio1\jbr\bin\extnet.dll
0x00007ff80c580000 - 0x00007ff80c59b000 	C:\WINDOWS\SYSTEM32\CRYPTSP.dll
0x00007ff80bc60000 - 0x00007ff80bc99000 	C:\WINDOWS\system32\rsaenh.dll
0x00007ff80c350000 - 0x00007ff80c382000 	C:\WINDOWS\SYSTEM32\USERENV.dll
0x00007ff80ce90000 - 0x00007ff80ceba000 	C:\WINDOWS\SYSTEM32\bcrypt.dll
0x00007ff80c5a0000 - 0x00007ff80c5ac000 	C:\WINDOWS\SYSTEM32\CRYPTBASE.dll
0x00007fffd5d50000 - 0x00007fffd5d58000 	C:\WINDOWS\system32\wshunix.dll

JVMTI agents:
C:\Users\twist\.gradle\wrapper\dists\gradle-9.1.0-bin\9agqghryom9wkf8r80qlhnts3\gradle-9.1.0\lib\agents\gradle-instrumentation-agent-9.1.0.jar path:C:\Program Files\Android\Android Studio1\jbr\bin\instrument.dll, loaded, initialized, instrumentlib options:none

dbghelp: loaded successfully - version: 4.0.5 - missing functions: none
symbol engine: initialized successfully - sym options: 0x614 - pdb path: .;C:\Program Files\Android\Android Studio1\jbr\bin;C:\WINDOWS\SYSTEM32;C:\WINDOWS\WinSxS\amd64_microsoft.windows.common-controls_6595b64144ccf1df_6.0.26100.7922_none_3e089e1ee3342171;C:\Program Files\Android\Android Studio1\jbr\bin\server;C:\Users\twist\.gradle\native\1def1411415f61bf3af743bc5b6707747c0891f09f0c88961ee8f79bc544acac\windows-amd64;C:\Users\twist\.gradle\native\0.2.8\x86_64-windows-gnu

VM Arguments:
jvm_args: --add-opens=java.base/java.lang=ALL-UNNAMED --add-opens=java.base/java.lang.invoke=ALL-UNNAMED --add-opens=java.base/java.util=ALL-UNNAMED --add-opens=java.prefs/java.util.prefs=ALL-UNNAMED --add-exports=jdk.compiler/com.sun.tools.javac.api=ALL-UNNAMED --add-exports=jdk.compiler/com.sun.tools.javac.util=ALL-UNNAMED --add-opens=java.base/java.util=ALL-UNNAMED --add-opens=java.prefs/java.util.prefs=ALL-UNNAMED --add-opens=java.base/java.nio.charset=ALL-UNNAMED --add-opens=java.base/java.net=ALL-UNNAMED --add-opens=java.base/java.util.concurrent=ALL-UNNAMED --add-opens=java.base/java.util.concurrent.atomic=ALL-UNNAMED --add-opens=java.xml/javax.xml.namespace=ALL-UNNAMED --add-opens=java.base/java.time=ALL-UNNAMED -Xmx1024m -Dfile.encoding=UTF-8 -Duser.country=IN -Duser.language=en -Duser.variant -javaagent:C:\Users\twist\.gradle\wrapper\dists\gradle-9.1.0-bin\9agqghryom9wkf8r80qlhnts3\gradle-9.1.0\lib\agents\gradle-instrumentation-agent-9.1.0.jar 
java_command: org.gradle.launcher.daemon.bootstrap.GradleDaemon 9.1.0
java_class_path (initial): C:\Users\twist\.gradle\wrapper\dists\gradle-9.1.0-bin\9agqghryom9wkf8r80qlhnts3\gradle-9.1.0\lib\gradle-daemon-main-9.1.0.jar
Launcher Type: SUN_STANDARD

[Global flags]
     intx CICompilerCount                          = 12                                        {product} {ergonomic}
     uint ConcGCThreads                            = 3                                         {product} {ergonomic}
     uint G1ConcRefinementThreads                  = 13                                        {product} {ergonomic}
   size_t G1HeapRegionSize                         = 1048576                                   {product} {ergonomic}
    uintx GCDrainStackTargetSize                   = 64                                        {product} {ergonomic}
   size_t InitialHeapSize                          = 264241152                                 {product} {ergonomic}
   size_t MarkStackSize                            = 4194304                                   {product} {ergonomic}
   size_t MaxHeapSize                              = 1073741824                                {product} {command line}
   size_t MaxNewSize                               = 643825664                                 {product} {ergonomic}
   size_t MinHeapDeltaBytes                        = 1048576                                   {product} {ergonomic}
   size_t MinHeapSize                              = 8388608                                   {product} {ergonomic}
    uintx NonNMethodCodeHeapSize                   = 7602480                                {pd product} {ergonomic}
    uintx NonProfiledCodeHeapSize                  = 122027880                              {pd product} {ergonomic}
    uintx ProfiledCodeHeapSize                     = 122027880                              {pd product} {ergonomic}
    uintx ReservedCodeCacheSize                    = 251658240                              {pd product} {ergonomic}
     bool SegmentedCodeCache                       = true                                      {product} {ergonomic}
   size_t SoftMaxHeapSize                          = 1073741824                             {manageable} {ergonomic}
     bool UseCompressedOops                        = true                           {product lp64_product} {ergonomic}
     bool UseG1GC                                  = true                                      {product} {ergonomic}
     bool UseLargePagesIndividualAllocation        = false                                  {pd product} {ergonomic}

Logging:
Log output configuration:
 #0: stdout all=warning uptime,level,tags foldmultilines=false
 #1: stderr all=off uptime,level,tags foldmultilines=false

Environment Variables:
PATH=C:\Program Files\Eclipse Adoptium\jdk-17.0.17.10-hotspot\bin;C:\Program Files (x86)\Microsoft SDKs\Azure\CLI2\wbin;C:\Program Files\Common Files\Oracle\Java\javapath;C:\Program Files (x86)\Common Files\Oracle\Java\java8path;C:\Program Files (x86)\Common Files\Oracle\Java\javapath;C:\Windows\system32;C:\Windows;C:\Windows\System32\Wbem;C:\Windows\System32\WindowsPowerShell\v1.0\;C:\Windows\System32\OpenSSH\;C:\Program Files\dotnet\;C:\Program Files (x86)\NVIDIA Corporation\PhysX\Common;C:\MinGW\bin;C:\HOME\MATLAB\bin;C:\Program Files\nodejs\;C:\WINDOWS\system32;C:\WINDOWS;C:\WINDOWS\System32\Wbem;C:\WINDOWS\System32\WindowsPowerShell\v1.0\;C:\WINDOWS\System32\OpenSSH\;C:\Program Files\NVIDIA Corporation\NVIDIA app\NvDLISR;C:\Program Files\Git\cmd;C:\Program Files\cursor\resources\app\bin;C:\ProgramData\chocolatey\bin;C:\Program Files\Java\jdk-25.0.2\bin;C:\Users\twist\AppData\Local\Programs\Python\Python310\Scripts\;C:\Users\twist\AppData\Local\Programs\Python\Python310\;C:\Apps\python-3.10.0-embed-amd64\python310;C:\Users\twist\AppData\Local\Programs\Microsoft VS Code\bin;C:\Program Files\Java\jdk-25.0.2\bin;
USERNAME=twist
OS=Windows_NT
PROCESSOR_IDENTIFIER=Intel64 Family 6 Model 154 Stepping 3, GenuineIntel
TMP=C:\Users\twist\AppData\Local\Temp
TEMP=C:\Users\twist\AppData\Local\Temp




Periodic native trim disabled

JNI global refs:
JNI global refs: 34, weak refs: 0

JNI global refs memory usage: 835, weak refs: 833

Process memory usage:
Resident Set Size: 312540K (1% of 16454388K total physical memory with 1446044K free physical memory)

OOME stack traces (most recent first):
Classloader memory used:
